../Core/Src/main.c:87:5:main	16	static
../Core/Src/main.c:163:6:SystemClock_Config	88	static
../Core/Src/main.c:210:13:MX_I2C1_Init	8	static
../Core/Src/main.c:244:13:MX_I2C3_Init	8	static
../Core/Src/main.c:278:13:MX_USART2_UART_Init	8	static
../Core/Src/main.c:309:13:MX_DMA_Init	16	static
../Core/Src/main.c:342:13:MX_GPIO_Init	48	static
../Core/Src/main.c:376:6:HAL_UART_RxCpltCallback	16	static
../Core/Src/main.c:382:6:processReceivedData	16	static
../Core/Src/main.c:398:6:Error_Handler	4	static,ignoring_inline_asm
