../Core/Src/main.c:113:5:main	168	static
../Core/Src/main.c:238:6:SystemClock_Config	88	static
../Core/Src/main.c:285:13:MX_I2C1_Init	8	static
../Core/Src/main.c:319:13:MX_I2C3_Init	8	static
../Core/Src/main.c:353:13:MX_TIM3_Init	64	static
../Core/Src/main.c:412:13:MX_USART2_UART_Init	8	static
../Core/Src/main.c:443:13:MX_DMA_Init	16	static
../Core/Src/main.c:476:13:MX_GPIO_Init	48	static
../Core/Src/main.c:510:6:HAL_UART_RxCpltCallback	16	static
../Core/Src/main.c:516:6:processReceivedData	16	static
../Core/Src/main.c:526:6:make_sound	8	static
../Core/Src/main.c:539:5:presForFrequency	16	static
../Core/Src/main.c:545:6:vApplicationStackOverflowHook	16	static
../Core/Src/main.c:563:6:StartDefaultTask	16	static
../Core/Src/main.c:581:6:StartDisplayTask	24	static
../Core/Src/main.c:606:6:StartSensorTask	16	static
../Core/Src/main.c:628:6:StartSysTask	32	static
../Core/Src/main.c:660:6:StartSndTask	16	static
../Core/Src/main.c:679:6:HAL_TIM_PeriodElapsedCallback	16	static
../Core/Src/main.c:696:6:Error_Handler	4	static,ignoring_inline_asm
